[2026-10-04 16:08:04] [START] - === DEV-OPS SENTINEL MONITORING STARTED ===
[2026-10-04 16:08:04] [INFO] - Starting System Health Inspection...
[2026-10-04 16:08:04] [INFO] - Disk Usage Normal: 1%
[2026-10-04 16:08:04] [INFO] - Checking Memory & Uptime status...
[2026-10-04 16:08:04] [INFO] - Verifying Active Critical Processes...
[2026-10-04 16:08:04] [SUCCESS] - Process 'bash' is actively running.
[2026-10-04 16:08:04] [ERROR] - Process 'sshd' NOT FOUND!
[2026-10-04 16:08:04] [CRITICAL] - Server Health Check Failed! Aborting Task.
[2026-10-04 16:10:14] [START] - === DEV-OPS SENTINEL MONITORING STARTED ===
[2026-10-04 16:10:14] [INFO] - Starting System Health Inspection...
[2026-10-04 16:10:14] [INFO] - Disk Usage Normal: 1%
[2026-10-04 16:10:14] [INFO] - Checking Memory & Uptime status...
[2026-10-04 16:10:14] [INFO] - Verifying Active Critical Processes...
[2026-10-04 16:10:14] [SUCCESS] - Process 'bash' is actively running.
[2026-10-04 16:10:14] [ERROR] - Process 'sshd' NOT FOUND!
[2026-10-04 16:10:14] [CRITICAL] - Server Health Check Failed! Aborting Task.
[2026-10-04 16:11:17] [START] - === DEV-OPS SENTINEL MONITORING STARTED ===
[2026-10-04 16:11:17] [INFO] - Starting System Health Inspection...
[2026-10-04 16:11:17] [INFO] - Disk Usage Normal: 1%
[2026-10-04 16:11:17] [INFO] - Checking Memory & Uptime status...
[2026-10-04 16:11:17] [INFO] - Verifying Active Critical Processes...
[2026-10-04 16:11:17] [SUCCESS] - Process 'bash' is actively running.
[2026-10-04 16:11:17] [ERROR] - Process 'sshd' NOT FOUND!
[2026-10-04 16:11:17] [CRITICAL] - Server Health Check Failed! Aborting Task.
[2026-10-04 16:15:01] [START] - === DEV-OPS SENTINEL MONITORING STARTED ===
[2026-10-04 16:15:01] [INFO] - Starting System Health Inspection...
[2026-10-04 16:15:01] [INFO] - Disk Usage Normal: 1%
[2026-10-04 16:15:01] [INFO] - Checking Memory & Uptime status...
[2026-10-04 16:15:01] [INFO] - Verifying Active Critical Processes...
[2026-10-04 16:15:01] [SUCCESS] - Process 'bash' is actively running.
[2026-10-04 16:15:01] [ERROR] - Process 'sshd' NOT FOUND!
[2026-10-04 16:15:01] [CRITICAL] - Server Health Check Failed! Aborting Task.
[2026-10-04 16:18:31] [START] - === DEV-OPS SENTINEL MONITORING STARTED ===
[2026-10-04 16:18:31] [INFO] - Starting System Health Inspection...
[2026-10-04 16:18:31] [INFO] - Disk Usage Normal: 1%
[2026-10-04 16:18:31] [INFO] - Checking Memory & Uptime status...
[2026-10-04 16:18:31] [INFO] - Verifying Active Critical Processes...
[2026-10-04 16:18:31] [SUCCESS] - Process 'bash' is actively running.
[2026-10-04 16:18:31] [ERROR] - Process 'sshd' NOT FOUND!
[2026-10-04 16:18:31] [CRITICAL] - Server Health Check Failed! Aborting Task.
